coder@4d980da5d7f2:~/project$ python manage.py runserver
python: can't open file 'manage.py': [Errno 2] No such file or directory
coder@4d980da5d7f2:~/project$ runserver
bash: runserver: command not found
coder@4d980da5d7f2:~/project$ cd workplace
coder@4d980da5d7f2:~/project/workplace$ cd myproject
coder@4d980da5d7f2:~/project/workplace/myproject$ python manage.py runserver
Watching for file changes with StatReloader
Performing system checks...

System check identified no issues (0 silenced).

You have 18 unapplied migration(s). Your project may not work properly until you apply the migrations for app(s): admin, auth, contenttypes, sessions.
Run 'python manage.py migrate' to apply them.
January 08, 2023 - 10:03:24
Django version 4.1.3, using settings 'myproject.settings'
Starting development server at http://127.0.0.1:8000/
Quit the server with CONTROL-C.

^Ccoder@4d980da5d7f2:~/project/workplace/myproject$ python3 manage.py makemigrations
Migrations for 'myapp':
  myapp/migrations/0001_initial.py
    - Create model Drinks
coder@4d980da5d7f2:~/project/workplace/myproject$ python3 manage3.py migrations
python3: can't open file 'manage3.py': [Errno 2] No such file or directory
coder@4d980da5d7f2:~/project/workplace/myproject$ python3 manage.py migrate
Operations to perform:
  Apply all migrations: admin, auth, contenttypes, myapp, sessions
Running migrations:
  Applying contenttypes.0001_initial... OK
  Applying auth.0001_initial... OK
  Applying admin.0001_initial... OK
  Applying admin.0002_logentry_remove_auto_add... OK
  Applying admin.0003_logentry_add_action_flag_choices... OK
  Applying contenttypes.0002_remove_content_type_name... OK
  Applying auth.0002_alter_permission_name_max_length... OK
  Applying auth.0003_alter_user_email_max_length... OK
  Applying auth.0004_alter_user_username_opts... OK
  Applying auth.0005_alter_user_last_login_null... OK
  Applying auth.0006_require_contenttypes_0002... OK
  Applying auth.0007_alter_validators_add_error_messages... OK
  Applying auth.0008_alter_user_username_max_length... OK
  Applying auth.0009_alter_user_last_name_max_length... OK
  Applying auth.0010_alter_group_name_max_length... OK
  Applying auth.0011_update_proxy_permissions... OK
  Applying auth.0012_alter_user_first_name_max_length... OK
  Applying myapp.0001_initial... OK
  Applying sessions.0001_initial... OK
